// Jest Snapshot v1, https://goo.gl/fbAQLP

exports[`[Component]: Button should match snapshot 1`] = `
<button
  className="Button Button-oldPrimary"
  data-test-id="first-button"
  disabled={false}
  id="first-button"
  type="button"
>
  <span
    className=""
  />
</button>
`;
